main.c:187:6:Delay_	16	static
main.c:193:6:SLAVEBMS_InitCRCTable	16	static
main.c:218:16:SLAVEBMS_CRC_calc	24	static
main.c:235:15:SLAVEBMS_Access	24	static
main.c:242:6:SLAVEBMS_Wakeup	16	static
main.c:260:15:SLAVEBMS_ReadDataGroup	40	static
main.c:323:6:SLAVEBMS_WriteSingleCmd	24	static
main.c:355:6:SLAVEBMS_PollADCDone	24	static
main.c:421:6:Reading_Voltage	64	static
main.c:845:6:Save_voltage	4	static
main.c:993:6:Voltage_Drop_Sense	8	static
main.c:1040:7:Control_Cell_UVE	8	static
main.c:1075:6:Control_Cell_OVE	8	static
main.c:1115:6:Transmit_Data	24	static
main.c:1142:6:Power_On_Event	8	static
main.c:1161:6:Select_Address	16	static
main.c:1237:6:Reading_Temp	16	static
main.c:1293:6:CAN_TX_Config	4	static
main.c:1314:6:Master_BMS_CAN_Configuration	16	static
main.c:1347:6:Master_BMS_CAN_Receive	32	static
main.c:1354:6:Control_Current	16	static
main.c:1369:6:CHG_DSG_ON	8	static
main.c:1380:5:main	8	static
main.c:1463:6:SystemClock_Config	200	static
main.c:1526:6:Error_Handler	4	static
