Archive member included to satisfy reference by file (symbol)

c:/st/stm32cubeide_1.3.0/stm32cubeide/plugins/com.st.stm32cube.ide.mcu.externaltools.gnu-tools-for-stm32.7-2018-q2-update.win32_1.0.0.201904181610/tools/bin/../lib/gcc/arm-none-eabi/7.3.1/../../../../arm-none-eabi/lib/thumb/v7e-m/fpv4-sp/hard\libc_nano.a(lib_a-errno.o)
                              Core/Src/syscalls.o (__errno)
c:/st/stm32cubeide_1.3.0/stm32cubeide/plugins/com.st.stm32cube.ide.mcu.externaltools.gnu-tools-for-stm32.7-2018-q2-update.win32_1.0.0.201904181610/tools/bin/../lib/gcc/arm-none-eabi/7.3.1/../../../../arm-none-eabi/lib/thumb/v7e-m/fpv4-sp/hard\libc_nano.a(lib_a-exit.o)
                              c:/st/stm32cubeide_1.3.0/stm32cubeide/plugins/com.st.stm32cube.ide.mcu.externaltools.gnu-tools-for-stm32.7-2018-q2-update.win32_1.0.0.201904181610/tools/bin/../lib/gcc/arm-none-eabi/7.3.1/../../../../arm-none-eabi/lib/thumb/v7e-m/fpv4-sp/hard/crt0.o (exit)
c:/st/stm32cubeide_1.3.0/stm32cubeide/plugins/com.st.stm32cube.ide.mcu.externaltools.gnu-tools-for-stm32.7-2018-q2-update.win32_1.0.0.201904181610/tools/bin/../lib/gcc/arm-none-eabi/7.3.1/../../../../arm-none-eabi/lib/thumb/v7e-m/fpv4-sp/hard\libc_nano.a(lib_a-impure.o)
                              c:/st/stm32cubeide_1.3.0/stm32cubeide/plugins/com.st.stm32cube.ide.mcu.externaltools.gnu-tools-for-stm32.7-2018-q2-update.win32_1.0.0.201904181610/tools/bin/../lib/gcc/arm-none-eabi/7.3.1/../../../../arm-none-eabi/lib/thumb/v7e-m/fpv4-sp/hard\libc_nano.a(lib_a-exit.o) (_global_impure_ptr)
c:/st/stm32cubeide_1.3.0/stm32cubeide/plugins/com.st.stm32cube.ide.mcu.externaltools.gnu-tools-for-stm32.7-2018-q2-update.win32_1.0.0.201904181610/tools/bin/../lib/gcc/arm-none-eabi/7.3.1/../../../../arm-none-eabi/lib/thumb/v7e-m/fpv4-sp/hard\libc_nano.a(lib_a-init.o)
                              c:/st/stm32cubeide_1.3.0/stm32cubeide/plugins/com.st.stm32cube.ide.mcu.externaltools.gnu-tools-for-stm32.7-2018-q2-update.win32_1.0.0.201904181610/tools/bin/../lib/gcc/arm-none-eabi/7.3.1/../../../../arm-none-eabi/lib/thumb/v7e-m/fpv4-sp/hard/crt0.o (__libc_init_array)
c:/st/stm32cubeide_1.3.0/stm32cubeide/plugins/com.st.stm32cube.ide.mcu.externaltools.gnu-tools-for-stm32.7-2018-q2-update.win32_1.0.0.201904181610/tools/bin/../lib/gcc/arm-none-eabi/7.3.1/../../../../arm-none-eabi/lib/thumb/v7e-m/fpv4-sp/hard\libc_nano.a(lib_a-memset.o)
                              c:/st/stm32cubeide_1.3.0/stm32cubeide/plugins/com.st.stm32cube.ide.mcu.externaltools.gnu-tools-for-stm32.7-2018-q2-update.win32_1.0.0.201904181610/tools/bin/../lib/gcc/arm-none-eabi/7.3.1/../../../../arm-none-eabi/lib/thumb/v7e-m/fpv4-sp/hard/crt0.o (memset)
c:/st/stm32cubeide_1.3.0/stm32cubeide/plugins/com.st.stm32cube.ide.mcu.externaltools.gnu-tools-for-stm32.7-2018-q2-update.win32_1.0.0.201904181610/tools/bin/../lib/gcc/arm-none-eabi/7.3.1/thumb/v7e-m/fpv4-sp/hard\libgcc.a(_arm_addsubdf3.o)
                              Core/Src/main.o (__aeabi_f2d)
c:/st/stm32cubeide_1.3.0/stm32cubeide/plugins/com.st.stm32cube.ide.mcu.externaltools.gnu-tools-for-stm32.7-2018-q2-update.win32_1.0.0.201904181610/tools/bin/../lib/gcc/arm-none-eabi/7.3.1/thumb/v7e-m/fpv4-sp/hard\libgcc.a(_arm_cmpdf2.o)
                              Core/Src/main.o (__aeabi_dcmpge)

Allocating common symbols
Common symbol       size              file

temp31              0x2               Core/Src/main.o
sFilterConfig       0x28              Core/Src/main.o
C102                0x4               Core/Src/main.o
C506                0x4               Core/Src/main.o
C310                0x4               Core/Src/main.o
C510                0x4               Core/Src/main.o
C206                0x4               Core/Src/main.o
C111                0x4               Core/Src/main.o
temp35              0x2               Core/Src/main.o
C508                0x4               Core/Src/main.o
temp37              0x2               Core/Src/main.o
C101                0x4               Core/Src/main.o
C309                0x4               Core/Src/main.o
C213                0x4               Core/Src/main.o
C302                0x4               Core/Src/main.o
SLAVEBMSE           0xd8              Core/Src/main.o
C513                0x4               Core/Src/main.o
temp07              0x2               Core/Src/main.o
temp67              0x2               Core/Src/main.o
temp24              0x2               Core/Src/main.o
C305                0x4               Core/Src/main.o
temp41              0x2               Core/Src/main.o
C108                0x4               Core/Src/main.o
temp09              0x2               Core/Src/main.o
C201                0x4               Core/Src/main.o
C114                0x4               Core/Src/main.o
C105                0x4               Core/Src/main.o
temp54              0x2               Core/Src/main.o
C408                0x4               Core/Src/main.o
C503                0x4               Core/Src/main.o
[...]
Memory Configuration

Name             Origin             Length             Attributes
RAM              0x0000000020000000 0x0000000000028000 xrw
FLASH            0x0000000008000000 0x0000000000080000 xr
*default*        0x0000000000000000 0xffffffffffffffff

Linker script and memory map

LOAD c:/st/stm32cubeide_1.3.0/stm32cubeide/plugins/com.st.stm32cube.ide.mcu.externaltools.gnu-tools-for-stm32.7-2018-q2-update.win32_1.0.0.201904181610/tools/bin/../lib/gcc/arm-none-eabi/7.3.1/thumb/v7e-m/fpv4-sp/hard/crti.o
LOAD c:/st/stm32cubeide_1.3.0/stm32cubeide/plugins/com.st.stm32cube.ide.mcu.externaltools.gnu-tools-for-stm32.7-2018-q2-update.win32_1.0.0.201904181610/tools/bin/../lib/gcc/arm-none-eabi/7.3.1/thumb/v7e-m/fpv4-sp/hard/crtbegin.o
LOAD c:/st/stm32cubeide_1.3.0/stm32cubeide/plugins/com.st.stm32cube.ide.mcu.externaltools.gnu-tools-for-stm32.7-2018-q2-update.win32_1.0.0.201904181610/tools/bin/../lib/gcc/arm-none-eabi/7.3.1/../../../../arm-none-eabi/lib/thumb/v7e-m/fpv4-sp/hard/crt0.o
LOAD Core/Src/adc.o
LOAD Core/Src/can.o
LOAD Core/Src/dma.o
LOAD Core/Src/gpio.o
LOAD Core/Src/main.o
LOAD Core/Src/spi.o
LOAD Core/Src/stm32l4xx_hal_msp.o
LOAD Core/Src/stm32l4xx_it.o
LOAD Core/Src/syscalls.o
LOAD Core/Src/sysmem.o
LOAD Core/Src/system_stm32l4xx.o
LOAD Core/Startup/startup_stm32l452retx.o
LOAD Drivers/STM32L4xx_HAL_Driver/Src/stm32l4xx_hal.o
LOAD Drivers/STM32L4xx_HAL_Driver/Src/stm32l4xx_hal_adc.o
LOAD Drivers/STM32L4xx_HAL_Driver/Src/stm32l4xx_hal_adc_ex.o
LOAD Drivers/STM32L4xx_HAL_Driver/Src/stm32l4xx_hal_can.o
LOAD Drivers/STM32L4xx_HAL_Driver/Src/stm32l4xx_hal_cortex.o
LOAD Drivers/STM32L4xx_HAL_Driver/Src/stm32l4xx_hal_dma.o
LOAD Drivers/STM32L4xx_HAL_Driver/Src/stm32l4xx_hal_dma_ex.o
LOAD Drivers/STM32L4xx_HAL_Driver/Src/stm32l4xx_hal_exti.o
LOAD Drivers/STM32L4xx_HAL_Driver/Src/stm32l4xx_hal_flash.o
LOAD Drivers/STM32L4xx_HAL_Driver/Src/stm32l4xx_hal_flash_ex.o
LOAD Drivers/STM32L4xx_HAL_Driver/Src/stm32l4xx_hal_flash_ramfunc.o
LOAD Drivers/STM32L4xx_HAL_Driver/Src/stm32l4xx_hal_gpio.o
LOAD Drivers/STM32L4xx_HAL_Driver/Src/stm32l4xx_hal_i2c.o
LOAD Drivers/STM32L4xx_HAL_Driver/Src/stm32l4xx_hal_i2c_ex.o
LOAD Drivers/STM32L4xx_HAL_Driver/Src/stm32l4xx_hal_pwr.o
LOAD Drivers/STM32L4xx_HAL_Driver/Src/stm32l4xx_hal_pwr_ex.o
LOAD Drivers/STM32L4xx_HAL_Driver/Src/stm32l4xx_hal_rcc.o
LOAD Drivers/STM32L4xx_HAL_Driver/Src/stm32l4xx_hal_rcc_ex.o
LOAD Drivers/STM32L4xx_HAL_Driver/Src/stm32l4xx_hal_spi.o
LOAD Drivers/STM32L4xx_HAL_Driver/Src/stm32l4xx_hal_spi_ex.o
LOAD Drivers/STM32L4xx_HAL_Driver/Src/stm32l4xx_hal_tim.o
LOAD Drivers/STM32L4xx_HAL_Driver/Src/stm32l4xx_hal_tim_ex.o
START GROUP
LOAD c:/st/stm32cubeide_1.3.0/stm32cubeide/plugins/com.st.stm32cube.ide.mcu.externaltools.gnu-tools-for-stm32.7-2018-q2-update.win32_1.0.0.201904181610/tools/bin/../lib/gcc/arm-none-eabi/7.3.1/../../../../arm-none-eabi/lib/thumb/v7e-m/fpv4-sp/hard\libc_nano.a
LOAD c:/st/stm32cubeide_1.3.0/stm32cubeide/plugins/com.st.stm32cube.ide.mcu.externaltools.gnu-tools-for-stm32.7-2018-q2-update.win32_1.0.0.201904181610/tools/bin/../lib/gcc/arm-none-eabi/7.3.1/../../../../arm-none-eabi/lib/thumb/v7e-m/fpv4-sp/hard\libm.a
END GROUP
START GROUP
LOAD c:/st/stm32cubeide_1.3.0/stm32cubeide/plugins/com.st.stm32cube.ide.mcu.externaltools.gnu-tools-for-stm32.7-2018-q2-update.win32_1.0.0.201904181610/tools/bin/../lib/gcc/arm-none-eabi/7.3.1/thumb/v7e-m/fpv4-sp/hard\libgcc.a
LOAD c:/st/stm32cubeide_1.3.0/stm32cubeide/plugins/com.st.stm32cube.ide.mcu.externaltools.gnu-tools-for-stm32.7-2018-q2-update.win32_1.0.0.201904181610/tools/bin/../lib/gcc/arm-none-eabi/7.3.1/../../../../arm-none-eabi/lib/thumb/v7e-m/fpv4-sp/hard\libc_nano.a
END GROUP
START GROUP
LOAD c:/st/stm32cubeide_1.3.0/stm32cubeide/plugins/com.st.stm32cube.ide.mcu.externaltools.gnu-tools-for-stm32.7-2018-q2-update.win32_1.0.0.201904181610/tools/bin/../lib/gcc/arm-none-eabi/7.3.1/thumb/v7e-m/fpv4-sp/hard\libgcc.a
LOAD c:/st/stm32cubeide_1.3.0/stm32cubeide/plugins/com.st.stm32cube.ide.mcu.externaltools.gnu-tools-for-stm32.7-2018-q2-update.win32_1.0.0.201904181610/tools/bin/../lib/gcc/arm-none-eabi/7.3.1/../../../../arm-none-eabi/lib/thumb/v7e-m/fpv4-sp/hard\libc_nano.a
LOAD c:/st/stm32cubeide_1.3.0/stm32cubeide/plugins/com.st.stm32cube.ide.mcu.externaltools.gnu-tools-for-stm32.7-2018-q2-update.win32_1.0.0.201904181610/tools/bin/../lib/gcc/arm-none-eabi/7.3.1/../../../../arm-none-eabi/lib/thumb/v7e-m/fpv4-sp/hard\libnosys.a
END GROUP
START GROUP
LOAD c:/st/stm32cubeide_1.3.0/stm32cubeide/plugins/com.st.stm32cube.ide.mcu.externaltools.gnu-tools-for-stm32.7-2018-q2-update.win32_1.0.0.201904181610/tools/bin/../lib/gcc/arm-none-eabi/7.3.1/thumb/v7e-m/fpv4-sp/hard\libgcc.a
LOAD c:/st/stm32cubeide_1.3.0/stm32cubeide/plugins/com.st.stm32cube.ide.mcu.externaltools.gnu-tools-for-stm32.7-2018-q2-update.win32_1.0.0.201904181610/tools/bin/../lib/gcc/arm-none-eabi/7.3.1/../../../../arm-none-eabi/lib/thumb/v7e-m/fpv4-sp/hard\libc_nano.a
LOAD c:/st/stm32cubeide_1.3.0/stm32cubeide/plugins/com.st.stm32cube.ide.mcu.externaltools.gnu-tools-for-stm32.7-2018-q2-update.win32_1.0.0.201904181610/tools/bin/../lib/gcc/arm-none-eabi/7.3.1/../../../../arm-none-eabi/lib/thumb/v7e-m/fpv4-sp/hard\libnosys.a
END GROUP
LOAD c:/st/stm32cubeide_1.3.0/stm32cubeide/plugins/com.st.stm32cube.ide.mcu.externaltools.gnu-tools-for-stm32.7-2018-q2-update.win32_1.0.0.201904181610/tools/bin/../lib/gcc/arm-none-eabi/7.3.1/thumb/v7e-m/fpv4-sp/hard/crtend.o
LOAD c:/st/stm32cubeide_1.3.0/stm32cubeide/plugins/com.st.stm32cube.ide.mcu.externaltools.gnu-tools-for-stm32.7-2018-q2-update.win32_1.0.0.201904181610/tools/bin/../lib/gcc/arm-none-eabi/7.3.1/thumb/v7e-m/fpv4-sp/hard/crtn.o
                0x0000000020028000                _estack = (ORIGIN (RAM) + LENGTH (RAM))
                0x0000000000000200                _Min_Heap_Size = 0x200
                0x0000000000000400                _Min_Stack_Size = 0x400

.isr_vector     0x0000000008000000      0x194
                0x0000000008000000                . = ALIGN (0x4)
 *(.isr_vector)
 .isr_vector    0x0000000008000000      0x194 Core/Startup/startup_stm32l452retx.o
                0x0000000008000000                g_pfnVectors
                0x0000000008000194                . = ALIGN (0x4)

.text           0x0000000008000198     0x92cc
                0x0000000008000198                . = ALIGN (0x4)
 *(.text)
 .text          0x0000000008000198       0x40 c:/st/stm32cubeide_1.3.0/stm32cubeide/plugins/com.st.stm32cube.ide.mcu.externaltools.gnu-tools-for-stm32.7-2018-q2-update.win32_1.0.0.201904181610/tools/bin/../lib/gcc/arm-none-eabi/7.3.1/thumb/v7e-m/fpv4-sp/hard/crtbegin.o
 .text          0x00000000080001d8      0x378 c:/st/stm32cubeide_1.3.0/stm32cubeide/plugins/com.st.stm32cube.ide.mcu.externaltools.gnu-tools-for-stm32.7-2018-q2-update.win32_1.0.0.201904181610/tools/bin/../lib/gcc/arm-none-eabi/7.3.1/thumb/v7e-m/fpv4-sp/hard\libgcc.a(_arm_addsubdf3.o)
                0x00000000080001d8                __aeabi_drsub
                0x00000000080001e0                __aeabi_dsub
                0x00000000080001e0                __subdf3
                0x00000000080001e4                __aeabi_dadd
                0x00000000080001e4                __adddf3
                0x000000000800045c                __floatunsidf
                0x000000000800045c                __aeabi_ui2d
                0x000000000800047c                __floatsidf
                0x000000000800047c                __aeabi_i2d
                0x00000000080004a0                __aeabi_f2d
                0x00000000080004a0                __extendsfdf2
                0x00000000080004e4                __floatundidf
                0x00000000080004e4                __aeabi_ul2d
                0x00000000080004f4                __floatdidf
                0x00000000080004f4                __aeabi_l2d
 .text          0x0000000008000550      0x110 c:/st/stm32cubeide_1.3.0/stm32cubeide/plugins/com.st.stm32cube.ide.mcu.externaltools.gnu-tools-for-stm32.7-2018-q2-update.win32_1.0.0.201904181610/tools/bin/../lib/gcc/arm-none-eabi/7.3.1/thumb/v7e-m/fpv4-sp/hard\libgcc.a(_arm_cmpdf2.o)
                0x0000000008000550                __gtdf2
                0x0000000008000550                __gedf2
                0x0000000008000558                __ltdf2
                0x0000000008000558                __ledf2
                0x0000000008000560                __nedf2
                0x0000000008000560                __eqdf2
                0x0000000008000560                __cmpdf2
                0x00000000080005dc                __aeabi_cdrcmple
                0x00000000080005ec                __aeabi_cdcmpeq
                0x00000000080005ec                __aeabi_cdcmple
                0x00000000080005fc                __aeabi_dcmpeq
                0x0000000008000610                __aeabi_dcmplt
                0x0000000008000624                __aeabi_dcmple
                0x0000000008000638                __aeabi_dcmpge
                0x000000000800064c                __aeabi_dcmpgt
 *(.text*)
 .text.MX_ADC1_Init
                0x0000000008000660      0x150 Core/Src/adc.o
                0x0000000008000660                MX_ADC1_Init
 .text.HAL_ADC_MspInit
                0x00000000080007b0      0x110 Core/Src/adc.o
                0x00000000080007b0                HAL_ADC_MspInit
 .text.MX_CAN1_Init
                0x00000000080008c0       0x6c Core/Src/can.o
                0x00000000080008c0                MX_CAN1_Init
 .text.HAL_CAN_MspInit
                0x000000000800092c       0x88 Core/Src/can.o
                0x000000000800092c                HAL_CAN_MspInit
 .text.MX_DMA_Init
                0x00000000080009b4       0x3c Core/Src/dma.o
                0x00000000080009b4                MX_DMA_Init
 .text.MX_GPIO_Init
                0x00000000080009f0      0x120 Core/Src/gpio.o
                0x00000000080009f0                MX_GPIO_Init
 .text.Delay_   0x0000000008000b10       0x24 Core/Src/main.o
                0x0000000008000b10                Delay_
 .text.SLAVEBMS_InitCRCTable
                0x0000000008000b34       0x74 Core/Src/main.o
                0x0000000008000b34                SLAVEBMS_InitCRCTable
 .text.SLAVEBMS_CRC_calc
                0x0000000008000ba8       0x6c Core/Src/main.o
                0x0000000008000ba8                SLAVEBMS_CRC_calc
 .text.SLAVEBMS_Access
                0x0000000008000c14       0x28 Core/Src/main.o
                0x0000000008000c14                SLAVEBMS_Access
 .text.SLAVEBMS_Wakeup
                0x0000000008000c3c       0x68 Core/Src/main.o
                0x0000000008000c3c                SLAVEBMS_Wakeup
 .text.SLAVEBMS_ReadDataGroup
                0x0000000008000ca4      0x1a2 Core/Src/main.o
                0x0000000008000ca4                SLAVEBMS_ReadDataGroup
 .text.SLAVEBMS_WriteSingleCmd
                0x0000000008000e46       0xce Core/Src/main.o
                0x0000000008000e46                SLAVEBMS_WriteSingleCmd
 .text.SLAVEBMS_PollADCDone
                0x0000000008000f14      0x13a Core/Src/main.o
                0x0000000008000f14                SLAVEBMS_PollADCDone
 *fill*         0x000000000800104e        0x2 
 .text.Reading_Voltage
                0x0000000008001050     0x197c Core/Src/main.o
                0x0000000008001050                Reading_Voltage
 .text.Save_voltage
                0x00000000080029cc      0x7f4 Core/Src/main.o
                0x00000000080029cc                Save_voltage
 .text.Voltage_Drop_Sense
                0x00000000080031c0      0x7b8 Core/Src/main.o
                0x00000000080031c0                Voltage_Drop_Sense
 .text.Control_Cell_UVE
                0x0000000008003978      0x770 Core/Src/main.o
                0x0000000008003978                Control_Cell_UVE
 .text.Control_Cell_OVE
                0x00000000080040e8      0x964 Core/Src/main.o
                0x00000000080040e8                Control_Cell_OVE
 .text.Transmit_Data
                0x0000000008004a4c       0x9c Core/Src/main.o
                0x0000000008004a4c                Transmit_Data
 .text.Power_On_Event
                0x0000000008004ae8       0x5c Core/Src/main.o
                0x0000000008004ae8                Power_On_Event
 .text.Select_Address
                0x0000000008004b44      0x1b8 Core/Src/main.o
                0x0000000008004b44                Select_Address
 .text.Reading_Temp
                0x0000000008004cfc      0x120 Core/Src/main.o
                0x0000000008004cfc                Reading_Temp
 .text.CAN_TX_Config
                0x0000000008004e1c       0x78 Core/Src/main.o
                0x0000000008004e1c                CAN_TX_Config
 .text.Master_BMS_CAN_Receive
                0x0000000008004e94       0x60 Core/Src/main.o
                0x0000000008004e94                Master_BMS_CAN_Receive
 .text.Control_Current
                0x0000000008004ef4       0x3c Core/Src/main.o
                0x0000000008004ef4                Control_Current
 .text.CHG_DSG_ON
                0x0000000008004f30       0x20 Core/Src/main.o
                0x0000000008004f30                CHG_DSG_ON
 .text.main     0x0000000008004f50       0x94 Core/Src/main.o
                0x0000000008004f50                main
 .text.SystemClock_Config
                0x0000000008004fe4       0xfc Core/Src/main.o
                0x0000000008004fe4                SystemClock_Config
 .text.Error_Handler
                0x00000000080050e0        0xe Core/Src/main.o
                0x00000000080050e0                Error_Handler
 *fill*         0x00000000080050ee        0x2 
 .text.MX_SPI1_Init
                0x00000000080050f0       0x7c Core/Src/spi.o
                0x00000000080050f0                MX_SPI1_Init
 .text.HAL_SPI_MspInit
                0x000000000800516c       0x94 Core/Src/spi.o
                0x000000000800516c                HAL_SPI_MspInit
 .text.HAL_MspInit
                0x0000000008005200       0x48 Core/Src/stm32l4xx_hal_msp.o
                0x0000000008005200                HAL_MspInit
 .text.NMI_Handler
                0x0000000008005248        0xe Core/Src/stm32l4xx_it.o
                0x0000000008005248                NMI_Handler
 .text.HardFault_Handler
                0x0000000008005256        0x6 Core/Src/stm32l4xx_it.o
                0x0000000008005256                HardFault_Handler
 .text.MemManage_Handler
                0x000000000800525c        0x6 Core/Src/stm32l4xx_it.o
                0x000000000800525c                MemManage_Handler
 .text.BusFault_Handler
                0x0000000008005262        0x6 Core/Src/stm32l4xx_it.o
                0x0000000008005262                BusFault_Handler
 .text.UsageFault_Handler
                0x0000000008005268        0x6 Core/Src/stm32l4xx_it.o
                0x0000000008005268                UsageFault_Handler
 .text.SVC_Handler
                0x000000000800526e        0xe Core/Src/stm32l4xx_it.o
                0x000000000800526e                SVC_Handler
 .text.DebugMon_Handler
                0x000000000800527c        0xe Core/Src/stm32l4xx_it.o
                0x000000000800527c                DebugMon_Handler
 .text.PendSV_Handler
                0x000000000800528a        0xe Core/Src/stm32l4xx_it.o
                0x000000000800528a                PendSV_Handler
 .text.SysTick_Handler
                0x0000000008005298        0xc Core/Src/stm32l4xx_it.o
                0x0000000008005298                SysTick_Handler
 .text.DMA1_Channel1_IRQHandler
                0x00000000080052a4       0x14 Core/Src/stm32l4xx_it.o
                0x00000000080052a4                DMA1_Channel1_IRQHandler
 .text.SPI1_IRQHandler
                0x00000000080052b8       0x14 Core/Src/stm32l4xx_it.o
                0x00000000080052b8                SPI1_IRQHandler
 .text.SystemInit
                0x00000000080052cc       0x6c Core/Src/system_stm32l4xx.o
                0x00000000080052cc                SystemInit
 .text.Reset_Handler
                0x0000000008005338       0x50 Core/Startup/startup_stm32l452retx.o
                0x0000000008005338                Reset_Handler
 .text.Default_Handler
                0x0000000008005388        0x2 Core/Startup/startup_stm32l452retx.o
                0x0000000008005388                RTC_Alarm_IRQHandler
                0x0000000008005388                EXTI2_IRQHandler
                0x0000000008005388                TIM1_CC_IRQHandler
                0x0000000008005388                TSC_IRQHandler
                0x0000000008005388                TAMP_STAMP_IRQHandler
                0x0000000008005388                EXTI3_IRQHandler
                0x0000000008005388                LPTIM2_IRQHandler
                0x0000000008005388                DFSDM1_FLT1_IRQHandler
                0x0000000008005388                I2C3_ER_IRQHandler
                0x0000000008005388                EXTI0_IRQHandler
                0x0000000008005388                I2C2_EV_IRQHandler
                0x0000000008005388                CAN1_RX0_IRQHandler
                0x0000000008005388                FPU_IRQHandler
                0x0000000008005388                TIM1_UP_TIM16_IRQHandler
                0x0000000008005388                TIM6_DAC_IRQHandler
                0x0000000008005388                DMA2_Channel2_IRQHandler
                0x0000000008005388                DMA1_Channel4_IRQHandler
                0x0000000008005388                ADC1_IRQHandler
                0x0000000008005388                USART3_IRQHandler
                0x0000000008005388                DMA1_Channel7_IRQHandler
                0x0000000008005388                CAN1_RX1_IRQHandler
                0x0000000008005388                DMA2_Channel1_IRQHandler
                0x0000000008005388                QUADSPI_IRQHandler
                0x0000000008005388                I2C1_EV_IRQHandler
                0x0000000008005388                DMA1_Channel6_IRQHandler
                0x0000000008005388                UART4_IRQHandler
                0x0000000008005388                DMA2_Channel4_IRQHandler
                0x0000000008005388                TIM3_IRQHandler
                0x0000000008005388                RCC_IRQHandler
                0x0000000008005388                TIM1_TRG_COM_IRQHandler
                0x0000000008005388                Default_Handler
                0x0000000008005388                DMA2_Channel7_IRQHandler
                0x0000000008005388                EXTI15_10_IRQHandler
                0x0000000008005388                SDMMC1_IRQHandler
                0x0000000008005388                I2C3_EV_IRQHandler
                0x0000000008005388                USB_IRQHandler
                0x0000000008005388                EXTI9_5_IRQHandler
                0x0000000008005388                RTC_WKUP_IRQHandler
                0x0000000008005388                PVD_PVM_IRQHandler
                0x0000000008005388                SPI2_IRQHandler
                0x0000000008005388                CAN1_TX_IRQHandler
                0x0000000008005388                DMA2_Channel5_IRQHandler
                0x0000000008005388                CRS_IRQHandler
                0x0000000008005388                DMA1_Channel5_IRQHandler
                0x0000000008005388                EXTI4_IRQHandler
                0x0000000008005388                RNG_IRQHandler
                0x0000000008005388                DMA1_Channel3_IRQHandler
                0x0000000008005388                COMP_IRQHandler
                0x0000000008005388                WWDG_IRQHandler
                0x0000000008005388                I2C4_EV_IRQHandler
                0x0000000008005388                LPUART1_IRQHandler
                0x0000000008005388                DMA2_Channel6_IRQHandler
                0x0000000008005388                TIM2_IRQHandler
                0x0000000008005388                EXTI1_IRQHandler
                0x0000000008005388                USART2_IRQHandler
                0x0000000008005388                DFSDM1_FLT0_IRQHandler
                0x0000000008005388                I2C2_ER_IRQHandler
                0x0000000008005388                DMA1_Channel2_IRQHandler
                0x0000000008005388                CAN1_SCE_IRQHandler
                0x0000000008005388                FLASH_IRQHandler
                0x0000000008005388                USART1_IRQHandler
                0x0000000008005388                SPI3_IRQHandler
                0x0000000008005388                I2C1_ER_IRQHandler
                0x0000000008005388                LPTIM1_IRQHandler
                0x0000000008005388                I2C4_ER_IRQHandler
                0x0000000008005388                SAI1_IRQHandler
                0x0000000008005388                DMA2_Channel3_IRQHandler
                0x0000000008005388                TIM1_BRK_TIM15_IRQHandler
 .text.HAL_Init
                0x000000000800538a       0x30 Drivers/STM32L4xx_HAL_Driver/Src/stm32l4xx_hal.o
                0x000000000800538a                HAL_Init
 *fill*         0x00000000080053ba        0x2 
 .text.HAL_InitTick
                0x00000000080053bc       0x74 Drivers/STM32L4xx_HAL_Driver/Src/stm32l4xx_hal.o
                0x00000000080053bc                HAL_InitTick
 .text.HAL_IncTick
                0x0000000008005430       0x24 Drivers/STM32L4xx_HAL_Driver/Src/stm32l4xx_hal.o
                0x0000000008005430                HAL_IncTick
 .text.HAL_GetTick
                0x0000000008005454       0x18 Drivers/STM32L4xx_HAL_Driver/Src/stm32l4xx_hal.o
                0x0000000008005454                HAL_GetTick
 .text.HAL_Delay
                0x000000000800546c       0x44 Drivers/STM32L4xx_HAL_Driver/Src/stm32l4xx_hal.o
                0x000000000800546c                HAL_Delay
 .text.LL_ADC_SetCommonClock
                0x00000000080054b0       0x26 Drivers/STM32L4xx_HAL_Driver/Src/stm32l4xx_hal_adc.o
 .text.LL_ADC_SetCommonPathInternalCh
                0x00000000080054d6       0x26 Drivers/STM32L4xx_HAL_Driver/Src/stm32l4xx_hal_adc.o
 .text.LL_ADC_GetCommonPathInternalCh
                0x00000000080054fc       0x1c Drivers/STM32L4xx_HAL_Driver/Src/stm32l4xx_hal_adc.o
 .text.LL_ADC_SetOffset
                0x0000000008005518       0x44 Drivers/STM32L4xx_HAL_Driver/Src/stm32l4xx_hal_adc.o
 .text.LL_ADC_GetOffsetChannel
                0x000000000800555c       0x28 Drivers/STM32L4xx_HAL_Driver/Src/stm32l4xx_hal_adc.o
 .text.LL_ADC_SetOffsetState
                0x0000000008005584       0x30 Drivers/STM32L4xx_HAL_Driver/Src/stm32l4xx_hal_adc.o
 .text.LL_ADC_SetSamplingTimeCommonConfig
                0x00000000080055b4       0x26 Drivers/STM32L4xx_HAL_Driver/Src/stm32l4xx_hal_adc.o
 .text.LL_ADC_REG_IsTriggerSourceSWStart
                0x00000000080055da       0x26 Drivers/STM32L4xx_HAL_Driver/Src/stm32l4xx_hal_adc.o
 .text.LL_ADC_REG_SetSequencerRanks
                0x0000000008005600       0x52 Drivers/STM32L4xx_HAL_Driver/Src/stm32l4xx_hal_adc.o
 .text.LL_ADC_SetChannelSamplingTime
                0x0000000008005652       0x50 Drivers/STM32L4xx_HAL_Driver/Src/stm32l4xx_hal_adc.o
 *fill*         0x00000000080056a2        0x2 
 .text.LL_ADC_SetChannelSingleDiff
                0x00000000080056a4       0x48 Drivers/STM32L4xx_HAL_Driver/Src/stm32l4xx_hal_adc.o
 .text.LL_ADC_DisableDeepPowerDown
                0x00000000080056ec       0x24 Drivers/STM32L4xx_HAL_Driver/Src/stm32l4xx_hal_adc.o
 .text.LL_ADC_IsDeepPowerDownEnabled
                0x0000000008005710       0x28 Drivers/STM32L4xx_HAL_Driver/Src/stm32l4xx_hal_adc.o
 .text.LL_ADC_EnableInternalRegulator
                0x0000000008005738       0x28 Drivers/STM32L4xx_HAL_Driver/Src/stm32l4xx_hal_adc.o
 .text.LL_ADC_IsInternalRegulatorEnabled
                0x0000000008005760       0x28 Drivers/STM32L4xx_HAL_Driver/Src/stm32l4xx_hal_adc.o
 .text.LL_ADC_Enable
                0x0000000008005788       0x28 Drivers/STM32L4xx_HAL_Driver/Src/stm32l4xx_hal_adc.o
 .text.LL_ADC_IsEnabled
                0x00000000080057b0       0x26 Drivers/STM32L4xx_HAL_Driver/Src/stm32l4xx_hal_adc.o
 .text.LL_ADC_REG_StartConversion
                0x00000000080057d6       0x28 Drivers/STM32L4xx_HAL_Driver/Src/stm32l4xx_hal_adc.o
 .text.LL_ADC_REG_IsConversionOngoing
                0x00000000080057fe       0x26 Drivers/STM32L4xx_HAL_Driver/Src/stm32l4xx_hal_adc.o
 .text.LL_ADC_INJ_IsConversionOngoing
                0x0000000008005824       0x26 Drivers/STM32L4xx_HAL_Driver/Src/stm32l4xx_hal_adc.o
 *fill*         0x000000000800584a        0x2 
 .text.HAL_ADC_Init
                0x000000000800584c      0x294 Drivers/STM32L4xx_HAL_Driver/Src/stm32l4xx_hal_adc.o
                0x000000000800584c                HAL_ADC_Init
 .text.HAL_ADC_Start_DMA
                0x0000000008005ae0      0x108 Drivers/STM32L4xx_HAL_Driver/Src/stm32l4xx_hal_adc.o
                0x0000000008005ae0                HAL_ADC_Start_DMA
 .text.HAL_ADC_ConvCpltCallback
                0x0000000008005be8       0x14 Drivers/STM32L4xx_HAL_Driver/Src/stm32l4xx_hal_adc.o
                0x0000000008005be8                HAL_ADC_ConvCpltCallback
 .text.HAL_ADC_ConvHalfCpltCallback
                0x0000000008005bfc       0x14 Drivers/STM32L4xx_HAL_Driver/Src/stm32l4xx_hal_adc.o
                0x0000000008005bfc                HAL_ADC_ConvHalfCpltCallback
 .text.HAL_ADC_ErrorCallback
                0x0000000008005c10       0x14 Drivers/STM32L4xx_HAL_Driver/Src/stm32l4xx_hal_adc.o
                0x0000000008005c10                HAL_ADC_ErrorCallback
 .text.HAL_ADC_ConfigChannel
                0x0000000008005c24      0x6dc Drivers/STM32L4xx_HAL_Driver/Src/stm32l4xx_hal_adc.o
                0x0000000008005c24                HAL_ADC_ConfigChannel
 .text.ADC_Enable
                0x0000000008006300       0xb4 Drivers/STM32L4xx_HAL_Driver/Src/stm32l4xx_hal_adc.o
                0x0000000008006300                ADC_Enable
 .text.ADC_DMAConvCplt
                0x00000000080063b4       0xd8 Drivers/STM32L4xx_HAL_Driver/Src/stm32l4xx_hal_adc.o
                0x00000000080063b4                ADC_DMAConvCplt
 .text.ADC_DMAHalfConvCplt
                0x000000000800648c       0x1c Drivers/STM32L4xx_HAL_Driver/Src/stm32l4xx_hal_adc.o
                0x000000000800648c                ADC_DMAHalfConvCplt
 .text.ADC_DMAError
                0x00000000080064a8       0x34 Drivers/STM32L4xx_HAL_Driver/Src/stm32l4xx_hal_adc.o
                0x00000000080064a8                ADC_DMAError
 .text.HAL_CAN_Init
                0x00000000080064dc      0x1f6 Drivers/STM32L4xx_HAL_Driver/Src/stm32l4xx_hal_can.o
                0x00000000080064dc                HAL_CAN_Init
 .text.HAL_CAN_ConfigFilter
                0x00000000080066d2      0x194 Drivers/STM32L4xx_HAL_Driver/Src/stm32l4xx_hal_can.o
                0x00000000080066d2                HAL_CAN_ConfigFilter
 .text.HAL_CAN_Start
                0x0000000008006866       0x88 Drivers/STM32L4xx_HAL_Driver/Src/stm32l4xx_hal_can.o
                0x0000000008006866                HAL_CAN_Start
 .text.HAL_CAN_AddTxMessage
                0x00000000080068ee      0x1b6 Drivers/STM32L4xx_HAL_Driver/Src/stm32l4xx_hal_can.o
                0x00000000080068ee                HAL_CAN_AddTxMessage
 .text.HAL_CAN_GetTxMailboxesFreeLevel
                0x0000000008006aa4       0x6a Drivers/STM32L4xx_HAL_Driver/Src/stm32l4xx_hal_can.o
                0x0000000008006aa4                HAL_CAN_GetTxMailboxesFreeLevel
 .text.HAL_CAN_GetRxMessage
                0x0000000008006b0e      0x226 Drivers/STM32L4xx_HAL_Driver/Src/stm32l4xx_hal_can.o
                0x0000000008006b0e                HAL_CAN_GetRxMessage
 .text.__NVIC_SetPriorityGrouping
                0x0000000008006d34       0x48 Drivers/STM32L4xx_HAL_Driver/Src/stm32l4xx_hal_cortex.o
 .text.__NVIC_GetPriorityGrouping
                0x0000000008006d7c       0x1c Drivers/STM32L4xx_HAL_Driver/Src/stm32l4xx_hal_cortex.o
 .text.__NVIC_EnableIRQ
                0x0000000008006d98       0x3c Drivers/STM32L4xx_HAL_Driver/Src/stm32l4xx_hal_cortex.o
 .text.__NVIC_SetPriority
                0x0000000008006dd4       0x54 Drivers/STM32L4xx_HAL_Driver/Src/stm32l4xx_hal_cortex.o
 .text.NVIC_EncodePriority
                0x0000000008006e28       0x66 Drivers/STM32L4xx_HAL_Driver/Src/stm32l4xx_hal_cortex.o
 *fill*         0x0000000008006e8e        0x2 
 .text.SysTick_Config
                0x0000000008006e90       0x44 Drivers/STM32L4xx_HAL_Driver/Src/stm32l4xx_hal_cortex.o
 .text.HAL_NVIC_SetPriorityGrouping
                0x0000000008006ed4       0x16 Drivers/STM32L4xx_HAL_Driver/Src/stm32l4xx_hal_cortex.o
                0x0000000008006ed4                HAL_NVIC_SetPriorityGrouping
 .text.HAL_NVIC_SetPriority
                0x0000000008006eea       0x38 Drivers/STM32L4xx_HAL_Driver/Src/stm32l4xx_hal_cortex.o
                0x0000000008006eea                HAL_NVIC_SetPriority
 .text.HAL_NVIC_EnableIRQ
                0x0000000008006f22       0x1c Drivers/STM32L4xx_HAL_Driver/Src/stm32l4xx_hal_cortex.o
                0x0000000008006f22                HAL_NVIC_EnableIRQ
 .text.HAL_SYSTICK_Config
                0x0000000008006f3e       0x18 Drivers/STM32L4xx_HAL_Driver/Src/stm32l4xx_hal_cortex.o
                0x0000000008006f3e                HAL_SYSTICK_Config
 *fill*         0x0000000008006f56        0x2 
 .text.HAL_DMA_Init
                0x0000000008006f58      0x170 Drivers/STM32L4xx_HAL_Driver/Src/stm32l4xx_hal_dma.o
                0x0000000008006f58                HAL_DMA_Init
 .text.HAL_DMA_Start_IT
                0x00000000080070c8       0xc0 Drivers/STM32L4xx_HAL_Driver/Src/stm32l4xx_hal_dma.o
                0x00000000080070c8                HAL_DMA_Start_IT
 .text.HAL_DMA_Abort_IT
                0x0000000008007188       0x82 Drivers/STM32L4xx_HAL_Driver/Src/stm32l4xx_hal_dma.o
                0x0000000008007188                HAL_DMA_Abort_IT
 .text.HAL_DMA_IRQHandler
                0x000000000800720a      0x15e Drivers/STM32L4xx_HAL_Driver/Src/stm32l4xx_hal_dma.o
                0x000000000800720a                HAL_DMA_IRQHandler
 .text.DMA_SetConfig
                0x0000000008007368       0x60 Drivers/STM32L4xx_HAL_Driver/Src/stm32l4xx_hal_dma.o
 .text.HAL_GPIO_Init
                0x00000000080073c8      0x2f4 Drivers/STM32L4xx_HAL_Driver/Src/stm32l4xx_hal_gpio.o
                0x00000000080073c8                HAL_GPIO_Init
 .text.HAL_GPIO_WritePin
                0x00000000080076bc       0x30 Drivers/STM32L4xx_HAL_Driver/Src/stm32l4xx_hal_gpio.o
                0x00000000080076bc                HAL_GPIO_WritePin
 .text.HAL_PWREx_GetVoltageRange
                0x00000000080076ec       0x1c Drivers/STM32L4xx_HAL_Driver/Src/stm32l4xx_hal_pwr_ex.o
                0x00000000080076ec                HAL_PWREx_GetVoltageRange
 .text.HAL_PWREx_ControlVoltageScaling
                0x0000000008007708       0xac Drivers/STM32L4xx_HAL_Driver/Src/stm32l4xx_hal_pwr_ex.o
                0x0000000008007708                HAL_PWREx_ControlVoltageScaling
 .text.HAL_RCC_OscConfig
                0x00000000080077b4      0x840 Drivers/STM32L4xx_HAL_Driver/Src/stm32l4xx_hal_rcc.o
                0x00000000080077b4                HAL_RCC_OscConfig
 .text.HAL_RCC_ClockConfig
                0x0000000008007ff4      0x1c4 Drivers/STM32L4xx_HAL_Driver/Src/stm32l4xx_hal_rcc.o
                0x0000000008007ff4                HAL_RCC_ClockConfig
 .text.HAL_RCC_GetSysClockFreq
                0x00000000080081b8      0x114 Drivers/STM32L4xx_HAL_Driver/Src/stm32l4xx_hal_rcc.o
                0x00000000080081b8                HAL_RCC_GetSysClockFreq
 .text.RCC_SetFlashLatencyFromMSIRange
                0x00000000080082cc       0xc0 Drivers/STM32L4xx_HAL_Driver/Src/stm32l4xx_hal_rcc.o
 .text.HAL_RCCEx_PeriphCLKConfig
                0x000000000800838c      0x4d4 Drivers/STM32L4xx_HAL_Driver/Src/stm32l4xx_hal_rcc_ex.o
                0x000000000800838c                HAL_RCCEx_PeriphCLKConfig
 .text.RCCEx_PLLSAI1_Config
                0x0000000008008860      0x1e0 Drivers/STM32L4xx_HAL_Driver/Src/stm32l4xx_hal_rcc_ex.o
 .text.HAL_SPI_Init
                0x0000000008008a40      0x114 Drivers/STM32L4xx_HAL_Driver/Src/stm32l4xx_hal_spi.o
                0x0000000008008a40                HAL_SPI_Init
 .text.HAL_SPI_TransmitReceive
                0x0000000008008b54      0x426 Drivers/STM32L4xx_HAL_Driver/Src/stm32l4xx_hal_spi.o
                0x0000000008008b54                HAL_SPI_TransmitReceive
 *fill*         0x0000000008008f7a        0x2 
 .text.HAL_SPI_IRQHandler
                0x0000000008008f7c      0x200 Drivers/STM32L4xx_HAL_Driver/Src/stm32l4xx_hal_spi.o
                0x0000000008008f7c                HAL_SPI_IRQHandler
 .text.HAL_SPI_ErrorCallback
                0x000000000800917c       0x14 Drivers/STM32L4xx_HAL_Driver/Src/stm32l4xx_hal_spi.o
                0x000000000800917c                HAL_SPI_ErrorCallback
 .text.SPI_DMAAbortOnError
                0x0000000008009190       0x2a Drivers/STM32L4xx_HAL_Driver/Src/stm32l4xx_hal_spi.o
 .text.SPI_WaitFlagStateUntilTimeout
                0x00000000080091ba       0xd4 Drivers/STM32L4xx_HAL_Driver/Src/stm32l4xx_hal_spi.o
 .text.SPI_WaitFifoStateUntilTimeout
                0x000000000800928e       0xda Drivers/STM32L4xx_HAL_Driver/Src/stm32l4xx_hal_spi.o
 .text.SPI_EndRxTxTransaction
                0x0000000008009368       0x8c Drivers/STM32L4xx_HAL_Driver/Src/stm32l4xx_hal_spi.o
 .text.__libc_init_array
                0x00000000080093f4       0x48 c:/st/stm32cubeide_1.3.0/stm32cubeide/plugins/com.st.stm32cube.ide.mcu.externaltools.gnu-tools-for-stm32.7-2018-q2-update.win32_1.0.0.201904181610/tools/bin/../lib/gcc/arm-none-eabi/7.3.1/../../../../arm-none-eabi/lib/thumb/v7e-m/fpv4-sp/hard\libc_nano.a(lib_a-init.o)
                0x00000000080093f4                __libc_init_array
 .text.memset   0x000000000800943c       0x10 c:/st/stm32cubeide_1.3.0/stm32cubeide/plugins/com.st.stm32cube.ide.mcu.externaltools.gnu-tools-for-stm32.7-2018-q2-update.win32_1.0.0.201904181610/tools/bin/../lib/gcc/arm-none-eabi/7.3.1/../../../../arm-none-eabi/lib/thumb/v7e-m/fpv4-sp/hard\libc_nano.a(lib_a-memset.o)
                0x000000000800943c                memset
 *(.glue_7)
 .glue_7        0x000000000800944c        0x0 linker stubs
 *(.glue_7t)
 .glue_7t       0x000000000800944c        0x0 linker stubs
 *(.eh_frame)
 .eh_frame      0x000000000800944c        0x0 c:/st/stm32cubeide_1.3.0/stm32cubeide/plugins/com.st.stm32cube.ide.mcu.externaltools.gnu-tools-for-stm32.7-2018-q2-update.win32_1.0.0.201904181610/tools/bin/../lib/gcc/arm-none-eabi/7.3.1/thumb/v7e-m/fpv4-sp/hard/crtbegin.o
 *(.init)
 .init          0x000000000800944c        0x4 c:/st/stm32cubeide_1.3.0/stm32cubeide/plugins/com.st.stm32cube.ide.mcu.externaltools.gnu-tools-for-stm32.7-2018-q2-update.win32_1.0.0.201904181610/tools/bin/../lib/gcc/arm-none-eabi/7.3.1/thumb/v7e-m/fpv4-sp/hard/crti.o
                0x000000000800944c                _init
 .init          0x0000000008009450        0x8 c:/st/stm32cubeide_1.3.0/stm32cubeide/plugins/com.st.stm32cube.ide.mcu.externaltools.gnu-tools-for-stm32.7-2018-q2-update.win32_1.0.0.201904181610/tools/bin/../lib/gcc/arm-none-eabi/7.3.1/thumb/v7e-m/fpv4-sp/hard/crtn.o
 *(.fini)
 .fini          0x0000000008009458        0x4 c:/st/stm32cubeide_1.3.0/stm32cubeide/plugins/com.st.stm32cube.ide.mcu.externaltools.gnu-tools-for-stm32.7-2018-q2-update.win32_1.0.0.201904181610/tools/bin/../lib/gcc/arm-none-eabi/7.3.1/thumb/v7e-m/fpv4-sp/hard/crti.o
                0x0000000008009458                _fini
 .fini          0x000000000800945c        0x8 c:/st/stm32cubeide_1.3.0/stm32cubeide/plugins/com.st.stm32cube.ide.mcu.externaltools.gnu-tools-for-stm32.7-2018-q2-update.win32_1.0.0.201904181610/tools/bin/../lib/gcc/arm-none-eabi/7.3.1/thumb/v7e-m/fpv4-sp/hard/crtn.o
                0x0000000008009464                . = ALIGN (0x4)
                0x0000000008009464                _etext = .

.vfp11_veneer   0x0000000008009464        0x0
 .vfp11_veneer  0x0000000008009464        0x0 linker stubs

.v4_bx          0x0000000008009464        0x0
 .v4_bx         0x0000000008009464        0x0 linker stubs

.iplt           0x0000000008009464        0x0
 .iplt          0x0000000008009464        0x0 c:/st/stm32cubeide_1.3.0/stm32cubeide/plugins/com.st.stm32cube.ide.mcu.externaltools.gnu-tools-for-stm32.7-2018-q2-update.win32_1.0.0.201904181610/tools/bin/../lib/gcc/arm-none-eabi/7.3.1/thumb/v7e-m/fpv4-sp/hard/crtbegin.o

.rodata         0x0000000008009464       0x40
                0x0000000008009464                . = ALIGN (0x4)
 *(.rodata)
 *(.rodata*)
 .rodata.AHBPrescTable
                0x0000000008009464       0x10 Core/Src/system_stm32l4xx.o
                0x0000000008009464                AHBPrescTable
 .rodata.MSIRangeTable
                0x0000000008009474       0x30 Core/Src/system_stm32l4xx.o
                0x0000000008009474                MSIRangeTable
                0x00000000080094a4                . = ALIGN (0x4)

.rel.dyn        0x00000000080094a4        0x0
 .rel.iplt      0x00000000080094a4        0x0 c:/st/stm32cubeide_1.3.0/stm32cubeide/plugins/com.st.stm32cube.ide.mcu.externaltools.gnu-tools-for-stm32.7-2018-q2-update.win32_1.0.0.201904181610/tools/bin/../lib/gcc/arm-none-eabi/7.3.1/thumb/v7e-m/fpv4-sp/hard/crtbegin.o

.ARM.extab      0x00000000080094a4        0x0
                0x00000000080094a4                . = ALIGN (0x4)
 *(.ARM.extab* .gnu.linkonce.armextab.*)
                0x00000000080094a4                . = ALIGN (0x4)

.ARM            0x00000000080094a4        0x0
                0x00000000080094a4                . = ALIGN (0x4)
                0x00000000080094a4                __exidx_start = .
 *(.ARM.exidx*)
                0x00000000080094a4                __exidx_end = .
                0x00000000080094a4                . = ALIGN (0x4)

.preinit_array  0x00000000080094a4        0x0
                0x00000000080094a4                . = ALIGN (0x4)
                0x00000000080094a4                PROVIDE (__preinit_array_start = .)
 *(.preinit_array*)
                0x00000000080094a4                PROVIDE (__preinit_array_end = .)
                0x00000000080094a4                . = ALIGN (0x4)

.init_array     0x00000000080094a4        0x4
                0x00000000080094a4                . = ALIGN (0x4)
                0x00000000080094a4                PROVIDE (__init_array_start = .)
 *(SORT_BY_NAME(.init_array.*))
 *(.init_array*)
 .init_array    0x00000000080094a4        0x4 c:/st/stm32cubeide_1.3.0/stm32cubeide/plugins/com.st.stm32cube.ide.mcu.externaltools.gnu-tools-for-stm32.7-2018-q2-update.win32_1.0.0.201904181610/tools/bin/../lib/gcc/arm-none-eabi/7.3.1/thumb/v7e-m/fpv4-sp/hard/crtbegin.o
                0x00000000080094a8                PROVIDE (__init_array_end = .)
                0x00000000080094a8                . = ALIGN (0x4)

.fini_array     0x00000000080094a8        0x4
                0x00000000080094a8                . = ALIGN (0x4)
                [!provide]                        PROVIDE (__fini_array_start = .)
 *(SORT_BY_NAME(.fini_array.*))
 *(.fini_array*)
 .fini_array    0x00000000080094a8        0x4 c:/st/stm32cubeide_1.3.0/stm32cubeide/plugins/com.st.stm32cube.ide.mcu.externaltools.gnu-tools-for-stm32.7-2018-q2-update.win32_1.0.0.201904181610/tools/bin/../lib/gcc/arm-none-eabi/7.3.1/thumb/v7e-m/fpv4-sp/hard/crtbegin.o
                [!provide]                        PROVIDE (__fini_array_end = .)
                0x00000000080094ac                . = ALIGN (0x4)
                0x00000000080094ac                _sidata = LOADADDR (.data)

.data           0x0000000020000000        0xc load address 0x00000000080094ac
                0x0000000020000000                . = ALIGN (0x4)
                0x0000000020000000                _sdata = .
 *(.data)
 *(.data*)
 .data.SystemCoreClock
                0x0000000020000000        0x4 Core/Src/system_stm32l4xx.o
                0x0000000020000000                SystemCoreClock
 .data.uwTickPrio
                0x0000000020000004        0x4 Drivers/STM32L4xx_HAL_Driver/Src/stm32l4xx_hal.o
                0x0000000020000004                uwTickPrio
 .data.uwTickFreq
                0x0000000020000008        0x4 Drivers/STM32L4xx_HAL_Driver/Src/stm32l4xx_hal.o
                0x0000000020000008                uwTickFreq
                0x000000002000000c                . = ALIGN (0x4)
                0x000000002000000c                _edata = .

.igot.plt       0x000000002000000c        0x0 load address 0x00000000080094b8
 .igot.plt      0x000000002000000c        0x0 c:/st/stm32cubeide_1.3.0/stm32cubeide/plugins/com.st.stm32cube.ide.mcu.externaltools.gnu-tools-for-stm32.7-2018-q2-update.win32_1.0.0.201904181610/tools/bin/../lib/gcc/arm-none-eabi/7.3.1/thumb/v7e-m/fpv4-sp/hard/crtbegin.o
                0x000000002000000c                . = ALIGN (0x4)

.bss            0x0000000020000010      0xb04 load address 0x00000000080094b8
                0x0000000020000010                _sbss = .
                0x0000000020000010                __bss_start__ = _sbss
 *(.bss)
 .bss           0x0000000020000010       0x1c c:/st/stm32cubeide_1.3.0/stm32cubeide/plugins/com.st.stm32cube.ide.mcu.externaltools.gnu-tools-for-stm32.7-2018-q2-update.win32_1.0.0.201904181610/tools/bin/../lib/gcc/arm-none-eabi/7.3.1/thumb/v7e-m/fpv4-sp/hard/crtbegin.o
 *(.bss*)
 .bss.k         0x000000002000002c        0x4 Core/Src/main.o
                0x000000002000002c                k
 .bss.Current   0x0000000020000030        0x8 Core/Src/main.o
                0x0000000020000030                Current
 .bss.Sum_of_Voltage
                0x0000000020000038        0x2 Core/Src/main.o
                0x0000000020000038                Sum_of_Voltage
 .bss.stack     0x000000002000003a        0x2 Core/Src/main.o
                0x000000002000003a                stack
 .bss.tx_data   0x000000002000003c        0x8 Core/Src/main.o
                0x000000002000003c                tx_data
 .bss.rx_data   0x0000000020000044        0x3 Core/Src/main.o
                0x0000000020000044                rx_data
 *(COMMON)
 *fill*         0x0000000020000047        0x1 
 COMMON         0x0000000020000048       0xb0 Core/Src/adc.o
                0x0000000020000048                hadc1
                0x00000000200000b0                hdma_adc1
 COMMON         0x00000000200000f8       0x28 Core/Src/can.o
                0x00000000200000f8                hcan1
 COMMON         0x0000000020000120      0x9f0 Core/Src/main.o
                0x0000000020000120                temp31
                0x0000000020000124                sFilterConfig
                0x000000002000014c                C102
                0x0000000020000150                C506
                0x0000000020000154                C310
                0x0000000020000158                C510
                0x000000002000015c                C206
                0x0000000020000160                C111
                0x0000000020000164                temp35
                0x0000000020000168                C508
                0x000000002000016c                temp37
                0x0000000020000170                C101
                0x0000000020000174                C309
                0x0000000020000178                C213
                0x000000002000017c                C302
                0x0000000020000180                SLAVEBMSE
                0x0000000020000258                C513
                0x000000002000025c                temp07
                0x000000002000025e                temp67
                0x0000000020000260                temp24
                0x0000000020000264                C305
                0x0000000020000268                temp41
                0x000000002000026c                C108
                0x0000000020000270                temp09
                0x0000000020000274                C201
                0x0000000020000278                C114
                0x000000002000027c                C105
                0x0000000020000280                temp54
                0x0000000020000284                C408
                0x0000000020000288                C503
                0x000000002000028c                temp17
                0x000000002000028e                temp57
                0x0000000020000290                temp12
                0x0000000020000292                temp59
                0x0000000020000294                temp14
                0x0000000020000298                C314
                0x000000002000029c                C401
                0x00000000200002a0                C404
                0x00000000200002a4                temp47
                0x00000000200002a6                temp04
                0x00000000200002a8                temp66
                0x00000000200002aa                temp23
                0x00000000200002ac                Temp
                0x00000000200003c4                C204
                0x00000000200003c8                temp60
                0x00000000200003cc                C411
                0x00000000200003d0                C207
                0x00000000200003d4                temp29
                0x00000000200003d8                C414
                0x00000000200003dc                C214
                0x00000000200003e0                temp64
                0x00000000200003e2                temp21
                0x00000000200003e4                C505
                0x00000000200003e8                temp51
                0x00000000200003ea                temp39
                0x00000000200003ec                temp34
                0x00000000200003f0                C103
                0x00000000200003f4                C311
                0x00000000200003f8                C511
                0x00000000200003fc                C112
                0x0000000020000400                temp36
                0x0000000020000404                C210
                0x0000000020000408                temp44
                0x000000002000040a                temp01
                0x000000002000040c                C501
                0x0000000020000410                temp69
                0x0000000020000412                temp26
                0x0000000020000414                SLAVEBMSD
                0x00000000200004ec                SLAVEBMSB
                0x00000000200005c4                temp49
                0x00000000200005c6                temp06
                0x00000000200005c8                C306
                0x00000000200005cc                C303
                0x00000000200005d0                C202
                0x00000000200005d4                temp42
                0x00000000200005d6                temp56
                0x00000000200005d8                temp11
                0x00000000200005da                temp16
                0x00000000200005dc                C109
                0x00000000200005e0                SLAVEBMSC
                0x00000000200006b8                C106
                0x00000000200006bc                temp52
                0x00000000200006c0                C402
                0x00000000200006c4                temp18
                0x00000000200006c8                SLAVEBMS_CRC_Table
                0x00000000200008c8                temp65
                0x00000000200008ca                temp22
                0x00000000200008cc                temp62
                0x00000000200008d0                C301
                0x00000000200008d4                C405
                0x00000000200008d8                temp46
                0x00000000200008da                temp03
                0x00000000200008dc                Max_temp
                0x00000000200008de                temp48
                0x00000000200008e0                temp05
                0x00000000200008e4                C209
                0x00000000200008e8                C208
                0x00000000200008ec                temp28
                0x00000000200008f0                C412
                0x00000000200008f4                C313
                0x00000000200008f8                temp32
                0x00000000200008fc                C507
                0x0000000020000900                C504
                0x0000000020000904                temp50
                0x0000000020000908                C205
                0x000000002000090c                C308
                0x0000000020000910                C509
                0x0000000020000914                temp33
                0x0000000020000916                temp38
                0x0000000020000918                C212
                0x000000002000091c                C211
                0x0000000020000920                temp19
                0x0000000020000924                C304
                0x0000000020000928                temp43
                0x000000002000092a                temp00
                0x000000002000092c                temp40
                0x000000002000092e                temp30
                0x0000000020000930                C514
                0x0000000020000934                hspi1
                0x0000000020000998                temp08
                0x000000002000099c                C512
                0x00000000200009a0                C113
                0x00000000200009a4                C104
                0x00000000200009a8                temp68
                0x00000000200009aa                temp25
                0x00000000200009ac                C502
                0x00000000200009b0                C110
                0x00000000200009b4                temp27
                0x00000000200009b8                C307
                0x00000000200009bc                temp55
                0x00000000200009be                temp10
                0x00000000200009c0                temp58
                0x00000000200009c2                temp13
                0x00000000200009c4                Mailbox
                0x00000000200009c8                C407
                0x00000000200009cc                TxHeader
                0x00000000200009e4                temp15
                0x00000000200009e8                RxHeader
                0x0000000020000a04                SLAVEBMSA
                0x0000000020000adc                C403
                0x0000000020000ae0                C409
                0x0000000020000ae4                temp61
                0x0000000020000ae8                C107
                0x0000000020000aec                temp53
                0x0000000020000af0                C406
                0x0000000020000af4                temp45
                0x0000000020000af6                temp02
                0x0000000020000af8                C203
                0x0000000020000afc                C410
                0x0000000020000b00                temp63
                0x0000000020000b02                temp20
                0x0000000020000b04                Min_temp
                0x0000000020000b08                C413
                0x0000000020000b0c                C312
 COMMON         0x0000000020000b10        0x4 Drivers/STM32L4xx_HAL_Driver/Src/stm32l4xx_hal.o
                0x0000000020000b10                uwTick
                0x0000000020000b14                . = ALIGN (0x4)
                0x0000000020000b14                _ebss = .
                0x0000000020000b14                __bss_end__ = _ebss

._user_heap_stack
                0x0000000020000b14      0x604 load address 0x00000000080094b8
                0x0000000020000b18                . = ALIGN (0x8)
 *fill*         0x0000000020000b14        0x4 
                0x0000000020000b18                PROVIDE (end = .)
                [!provide]                        PROVIDE (_end = .)
                0x0000000020000d18                . = (. + _Min_Heap_Size)
 *fill*         0x0000000020000b18      0x200 
                0x0000000020001118                . = (. + _Min_Stack_Size)
 *fill*         0x0000000020000d18      0x400 
                0x0000000020001118                . = ALIGN (0x8)

/DISCARD/
 libc.a(*)
 libm.a(*)
 libgcc.a(*)

.ARM.attributes
                0x0000000000000000       0x30
 *(.ARM.attributes)
 .ARM.attributes
                0x0000000000000000       0x22 c:/st/stm32cubeide_1.3.0/stm32cubeide/plugins/com.st.stm32cube.ide.mcu.externaltools.gnu-tools-for-stm32.7-2018-q2-update.win32_1.0.0.201904181610/tools/bin/../lib/gcc/arm-none-eabi/7.3.1/thumb/v7e-m/fpv4-sp/hard/crti.o
 .ARM.attributes
                0x0000000000000022       0x34 c:/st/stm32cubeide_1.3.0/stm32cubeide/plugins/com.st.stm32cube.ide.mcu.externaltools.gnu-tools-for-stm32.7-2018-q2-update.win32_1.0.0.201904181610/tools/bin/../lib/gcc/arm-none-eabi/7.3.1/thumb/v7e-m/fpv4-sp/hard/crtbegin.o
 .ARM.attributes
                0x0000000000000056       0x39 Core/Src/adc.o
 .ARM.attributes
                0x000000000000008f       0x39 Core/Src/can.o
 .ARM.attributes
                0x00000000000000c8       0x39 Core/Src/dma.o
 .ARM.attributes
                0x0000000000000101       0x39 Core/Src/gpio.o
 .ARM.attributes
                0x000000000000013a       0x39 Core/Src/main.o
 .ARM.attributes
                0x0000000000000173       0x39 Core/Src/spi.o
 .ARM.attributes
                0x00000000000001ac       0x39 Core/Src/stm32l4xx_hal_msp.o
 .ARM.attributes
                0x00000000000001e5       0x39 Core/Src/stm32l4xx_it.o
 .ARM.attributes
                0x000000000000021e       0x39 Core/Src/system_stm32l4xx.o
 .ARM.attributes
                0x0000000000000257       0x21 Core/Startup/startup_stm32l452retx.o
 .ARM.attributes
                0x0000000000000278       0x39 Drivers/STM32L4xx_HAL_Driver/Src/stm32l4xx_hal.o
 .ARM.attributes
                0x00000000000002b1       0x39 Drivers/STM32L4xx_HAL_Driver/Src/stm32l4xx_hal_adc.o
 .ARM.attributes
                0x00000000000002ea       0x39 Drivers/STM32L4xx_HAL_Driver/Src/stm32l4xx_hal_can.o
 .ARM.attributes
                0x0000000000000323       0x39 Drivers/STM32L4xx_HAL_Driver/Src/stm32l4xx_hal_cortex.o
 .ARM.attributes
                0x000000000000035c       0x39 Drivers/STM32L4xx_HAL_Driver/Src/stm32l4xx_hal_dma.o
 .ARM.attributes
                0x0000000000000395       0x39 Drivers/STM32L4xx_HAL_Driver/Src/stm32l4xx_hal_gpio.o
 .ARM.attributes
                0x00000000000003ce       0x39 Drivers/STM32L4xx_HAL_Driver/Src/stm32l4xx_hal_pwr_ex.o
 .ARM.attributes
                0x0000000000000407       0x39 Drivers/STM32L4xx_HAL_Driver/Src/stm32l4xx_hal_rcc.o
 .ARM.attributes
                0x0000000000000440       0x39 Drivers/STM32L4xx_HAL_Driver/Src/stm32l4xx_hal_rcc_ex.o
 .ARM.attributes
                0x0000000000000479       0x39 Drivers/STM32L4xx_HAL_Driver/Src/stm32l4xx_hal_spi.o
 .ARM.attributes
                0x00000000000004b2       0x34 c:/st/stm32cubeide_1.3.0/stm32cubeide/plugins/com.st.stm32cube.ide.mcu.externaltools.gnu-tools-for-stm32.7-2018-q2-update.win32_1.0.0.201904181610/tools/bin/../lib/gcc/arm-none-eabi/7.3.1/../../../../arm-none-eabi/lib/thumb/v7e-m/fpv4-sp/hard\libc_nano.a(lib_a-init.o)
 .ARM.attributes
                0x00000000000004e6       0x34 c:/st/stm32cubeide_1.3.0/stm32cubeide/plugins/com.st.stm32cube.ide.mcu.externaltools.gnu-tools-for-stm32.7-2018-q2-update.win32_1.0.0.201904181610/tools/bin/../lib/gcc/arm-none-eabi/7.3.1/../../../../arm-none-eabi/lib/thumb/v7e-m/fpv4-sp/hard\libc_nano.a(lib_a-memset.o)
 .ARM.attributes
                0x000000000000051a       0x22 c:/st/stm32cubeide_1.3.0/stm32cubeide/plugins/com.st.stm32cube.ide.mcu.externaltools.gnu-tools-for-stm32.7-2018-q2-update.win32_1.0.0.201904181610/tools/bin/../lib/gcc/arm-none-eabi/7.3.1/thumb/v7e-m/fpv4-sp/hard\libgcc.a(_arm_addsubdf3.o)
 .ARM.attributes
                0x000000000000053c       0x22 c:/st/stm32cubeide_1.3.0/stm32cubeide/plugins/com.st.stm32cube.ide.mcu.externaltools.gnu-tools-for-stm32.7-2018-q2-update.win32_1.0.0.201904181610/tools/bin/../lib/gcc/arm-none-eabi/7.3.1/thumb/v7e-m/fpv4-sp/hard\libgcc.a(_arm_cmpdf2.o)
 .ARM.attributes
                0x000000000000055e       0x22 c:/st/stm32cubeide_1.3.0/stm32cubeide/plugins/com.st.stm32cube.ide.mcu.externaltools.gnu-tools-for-stm32.7-2018-q2-update.win32_1.0.0.201904181610/tools/bin/../lib/gcc/arm-none-eabi/7.3.1/thumb/v7e-m/fpv4-sp/hard/crtn.o
OUTPUT(BMS_2020_07.elf elf32-littlearm)

.debug_info     0x0000000000000000    0x10226
 .debug_info    0x0000000000000000      0xceb Core/Src/adc.o
 .debug_info    0x0000000000000ceb      0xa30 Core/Src/can.o
 .debug_info    0x000000000000171b      0x6a8 Core/Src/dma.o
 .debug_info    0x0000000000001dc3      0x655 Core/Src/gpio.o
 .debug_info    0x0000000000002418     0x2589 Core/Src/main.o
 .debug_info    0x00000000000049a1      0xcd4 Core/Src/spi.o
 .debug_info    0x0000000000005675      0x4e2 Core/Src/stm32l4xx_hal_msp.o
 .debug_info    0x0000000000005b57      0x7ca Core/Src/stm32l4xx_it.o
 .debug_info    0x0000000000006321      0x710 Core/Src/system_stm32l4xx.o
 .debug_info    0x0000000000006a31       0x22 Core/Startup/startup_stm32l452retx.o
 .debug_info    0x0000000000006a53      0xbb2 Drivers/STM32L4xx_HAL_Driver/Src/stm32l4xx_hal.o
 .debug_info    0x0000000000007605     0x1ba4 Drivers/STM32L4xx_HAL_Driver/Src/stm32l4xx_hal_adc.o
 .debug_info    0x00000000000091a9     0x10bc Drivers/STM32L4xx_HAL_Driver/Src/stm32l4xx_hal_can.o
 .debug_info    0x000000000000a265      0xef4 Drivers/STM32L4xx_HAL_Driver/Src/stm32l4xx_hal_cortex.o
 .debug_info    0x000000000000b159      0x8c1 Drivers/STM32L4xx_HAL_Driver/Src/stm32l4xx_hal_dma.o
 .debug_info    0x000000000000ba1a      0x98f Drivers/STM32L4xx_HAL_Driver/Src/stm32l4xx_hal_gpio.o
 .debug_info    0x000000000000c3a9      0xaaa Drivers/STM32L4xx_HAL_Driver/Src/stm32l4xx_hal_pwr_ex.o
 .debug_info    0x000000000000ce53      0xcba Drivers/STM32L4xx_HAL_Driver/Src/stm32l4xx_hal_rcc.o
 .debug_info    0x000000000000db0d     0x1017 Drivers/STM32L4xx_HAL_Driver/Src/stm32l4xx_hal_rcc_ex.o
 .debug_info    0x000000000000eb24     0x1702 Drivers/STM32L4xx_HAL_Driver/Src/stm32l4xx_hal_spi.o

.debug_abbrev   0x0000000000000000     0x23d2
 .debug_abbrev  0x0000000000000000      0x1aa Core/Src/adc.o
 .debug_abbrev  0x00000000000001aa      0x1ad Core/Src/can.o
 .debug_abbrev  0x0000000000000357      0x123 Core/Src/dma.o
 .debug_abbrev  0x000000000000047a      0x134 Core/Src/gpio.o
 .debug_abbrev  0x00000000000005ae      0x33e Core/Src/main.o
 .debug_abbrev  0x00000000000008ec      0x1a2 Core/Src/spi.o
 .debug_abbrev  0x0000000000000a8e      0x125 Core/Src/stm32l4xx_hal_msp.o
 .debug_abbrev  0x0000000000000bb3      0x158 Core/Src/stm32l4xx_it.o
 .debug_abbrev  0x0000000000000d0b      0x150 Core/Src/system_stm32l4xx.o
 .debug_abbrev  0x0000000000000e5b       0x12 Core/Startup/startup_stm32l452retx.o
 .debug_abbrev  0x0000000000000e6d      0x1fb Drivers/STM32L4xx_HAL_Driver/Src/stm32l4xx_hal.o
 .debug_abbrev  0x0000000000001068      0x24a Drivers/STM32L4xx_HAL_Driver/Src/stm32l4xx_hal_adc.o
 .debug_abbrev  0x00000000000012b2      0x21d Drivers/STM32L4xx_HAL_Driver/Src/stm32l4xx_hal_can.o
 .debug_abbrev  0x00000000000014cf      0x2fa Drivers/STM32L4xx_HAL_Driver/Src/stm32l4xx_hal_cortex.o
 .debug_abbrev  0x00000000000017c9      0x1d9 Drivers/STM32L4xx_HAL_Driver/Src/stm32l4xx_hal_dma.o
 .debug_abbrev  0x00000000000019a2      0x1c0 Drivers/STM32L4xx_HAL_Driver/Src/stm32l4xx_hal_gpio.o
 .debug_abbrev  0x0000000000001b62      0x1cb Drivers/STM32L4xx_HAL_Driver/Src/stm32l4xx_hal_pwr_ex.o
 .debug_abbrev  0x0000000000001d2d      0x245 Drivers/STM32L4xx_HAL_Driver/Src/stm32l4xx_hal_rcc.o
 .debug_abbrev  0x0000000000001f72      0x238 Drivers/STM32L4xx_HAL_Driver/Src/stm32l4xx_hal_rcc_ex.o
 .debug_abbrev  0x00000000000021aa      0x228 Drivers/STM32L4xx_HAL_Driver/Src/stm32l4xx_hal_spi.o

.debug_aranges  0x0000000000000000      0xd78
 .debug_aranges
                0x0000000000000000       0x30 Core/Src/adc.o
 .debug_aranges
                0x0000000000000030       0x30 Core/Src/can.o
 .debug_aranges
                0x0000000000000060       0x20 Core/Src/dma.o
 .debug_aranges
                0x0000000000000080       0x20 Core/Src/gpio.o
 .debug_aranges
                0x00000000000000a0       0xe0 Core/Src/main.o
 .debug_aranges
                0x0000000000000180       0x30 Core/Src/spi.o
 .debug_aranges
                0x00000000000001b0       0x20 Core/Src/stm32l4xx_hal_msp.o
 .debug_aranges
                0x00000000000001d0       0x70 Core/Src/stm32l4xx_it.o
 .debug_aranges
                0x0000000000000240       0x28 Core/Src/system_stm32l4xx.o
 .debug_aranges
                0x0000000000000268       0x28 Core/Startup/startup_stm32l452retx.o
 .debug_aranges
                0x0000000000000290      0x130 Drivers/STM32L4xx_HAL_Driver/Src/stm32l4xx_hal.o
 .debug_aranges
                0x00000000000003c0      0x218 Drivers/STM32L4xx_HAL_Driver/Src/stm32l4xx_hal_adc.o
 .debug_aranges
                0x00000000000005d8      0x138 Drivers/STM32L4xx_HAL_Driver/Src/stm32l4xx_hal_can.o
 .debug_aranges
                0x0000000000000710      0x118 Drivers/STM32L4xx_HAL_Driver/Src/stm32l4xx_hal_cortex.o
 .debug_aranges
                0x0000000000000828       0x80 Drivers/STM32L4xx_HAL_Driver/Src/stm32l4xx_hal_dma.o
 .debug_aranges
                0x00000000000008a8       0x58 Drivers/STM32L4xx_HAL_Driver/Src/stm32l4xx_hal_gpio.o
 .debug_aranges
                0x0000000000000900      0x128 Drivers/STM32L4xx_HAL_Driver/Src/stm32l4xx_hal_pwr_ex.o
 .debug_aranges
                0x0000000000000a28       0x88 Drivers/STM32L4xx_HAL_Driver/Src/stm32l4xx_hal_rcc.o
 .debug_aranges
                0x0000000000000ab0       0xf0 Drivers/STM32L4xx_HAL_Driver/Src/stm32l4xx_hal_rcc_ex.o
 .debug_aranges
                0x0000000000000ba0      0x1d8 Drivers/STM32L4xx_HAL_Driver/Src/stm32l4xx_hal_spi.o

.debug_ranges   0x0000000000000000      0xc40
 .debug_ranges  0x0000000000000000       0x20 Core/Src/adc.o
 .debug_ranges  0x0000000000000020       0x20 Core/Src/can.o
 .debug_ranges  0x0000000000000040       0x10 Core/Src/dma.o
 .debug_ranges  0x0000000000000050       0x10 Core/Src/gpio.o
 .debug_ranges  0x0000000000000060       0xd0 Core/Src/main.o
 .debug_ranges  0x0000000000000130       0x20 Core/Src/spi.o
 .debug_ranges  0x0000000000000150       0x10 Core/Src/stm32l4xx_hal_msp.o
 .debug_ranges  0x0000000000000160       0x60 Core/Src/stm32l4xx_it.o
 .debug_ranges  0x00000000000001c0       0x18 Core/Src/system_stm32l4xx.o
 .debug_ranges  0x00000000000001d8       0x20 Core/Startup/startup_stm32l452retx.o
 .debug_ranges  0x00000000000001f8      0x120 Drivers/STM32L4xx_HAL_Driver/Src/stm32l4xx_hal.o
 .debug_ranges  0x0000000000000318      0x208 Drivers/STM32L4xx_HAL_Driver/Src/stm32l4xx_hal_adc.o
 .debug_ranges  0x0000000000000520      0x128 Drivers/STM32L4xx_HAL_Driver/Src/stm32l4xx_hal_can.o
 .debug_ranges  0x0000000000000648      0x108 Drivers/STM32L4xx_HAL_Driver/Src/stm32l4xx_hal_cortex.o
 .debug_ranges  0x0000000000000750       0x70 Drivers/STM32L4xx_HAL_Driver/Src/stm32l4xx_hal_dma.o
 .debug_ranges  0x00000000000007c0       0x48 Drivers/STM32L4xx_HAL_Driver/Src/stm32l4xx_hal_gpio.o
 .debug_ranges  0x0000000000000808      0x118 Drivers/STM32L4xx_HAL_Driver/Src/stm32l4xx_hal_pwr_ex.o
 .debug_ranges  0x0000000000000920       0x78 Drivers/STM32L4xx_HAL_Driver/Src/stm32l4xx_hal_rcc.o
 .debug_ranges  0x0000000000000998       0xe0 Drivers/STM32L4xx_HAL_Driver/Src/stm32l4xx_hal_rcc_ex.o
 .debug_ranges  0x0000000000000a78      0x1c8 Drivers/STM32L4xx_HAL_Driver/Src/stm32l4xx_hal_spi.o

.debug_macro    0x0000000000000000    0x239dc
 .debug_macro   0x0000000000000000      0x21c Core/Src/adc.o
 .debug_macro   0x000000000000021c      0xa5a Core/Src/adc.o
 .debug_macro   0x0000000000000c76       0xc6 Core/Src/adc.o
 .debug_macro   0x0000000000000d3c       0x2e Core/Src/adc.o
 .debug_macro   0x0000000000000d6a       0x28 Core/Src/adc.o
 .debug_macro   0x0000000000000d92       0x22 Core/Src/adc.o
 .debug_macro   0x0000000000000db4       0x8e Core/Src/adc.o
 .debug_macro   0x0000000000000e42       0x51 Core/Src/adc.o
 .debug_macro   0x0000000000000e93       0xef Core/Src/adc.o
 .debug_macro   0x0000000000000f82       0x6a Core/Src/adc.o
 .debug_macro   0x0000000000000fec      0x1df Core/Src/adc.o
 .debug_macro   0x00000000000011cb       0x1c Core/Src/adc.o
 .debug_macro   0x00000000000011e7       0x22 Core/Src/adc.o
 .debug_macro   0x0000000000001209       0xdf Core/Src/adc.o
 .debug_macro   0x00000000000012e8     0x102d Core/Src/adc.o
 .debug_macro   0x0000000000002315      0x11f Core/Src/adc.o
 .debug_macro   0x0000000000002434    0x16305 Core/Src/adc.o
 .debug_macro   0x0000000000018739       0x43 Core/Src/adc.o
 .debug_macro   0x000000000001877c     0x3890 Core/Src/adc.o
 .debug_macro   0x000000000001c00c      0x174 Core/Src/adc.o
 .debug_macro   0x000000000001c180       0x5c Core/Src/adc.o
 .debug_macro   0x000000000001c1dc     0x13bb Core/Src/adc.o
 .debug_macro   0x000000000001d597      0x63f Core/Src/adc.o
 .debug_macro   0x000000000001dbd6      0x241 Core/Src/adc.o
 .debug_macro   0x000000000001de17      0x13d Core/Src/adc.o
 .debug_macro   0x000000000001df54      0x168 Core/Src/adc.o
 .debug_macro   0x000000000001e0bc      0x26b Core/Src/adc.o
 .debug_macro   0x000000000001e327      0x23d Core/Src/adc.o
 .debug_macro   0x000000000001e564      0xdf4 Core/Src/adc.o
 .debug_macro   0x000000000001f358      0x624 Core/Src/adc.o
 .debug_macro   0x000000000001f97c      0x24f Core/Src/adc.o
 .debug_macro   0x000000000001fbcb      0x408 Core/Src/adc.o
 .debug_macro   0x000000000001ffd3      0x375 Core/Src/adc.o
 .debug_macro   0x0000000000020348       0xd6 Core/Src/adc.o
 .debug_macro   0x000000000002041e      0x22c Core/Src/adc.o
 .debug_macro   0x000000000002064a       0x5e Core/Src/adc.o
 .debug_macro   0x00000000000206a8       0xa5 Core/Src/adc.o
 .debug_macro   0x000000000002074d      0x122 Core/Src/adc.o
 .debug_macro   0x000000000002086f      0x365 Core/Src/adc.o
 .debug_macro   0x0000000000020bd4      0x2fe Core/Src/adc.o
 .debug_macro   0x0000000000020ed2      0x305 Core/Src/adc.o
 .debug_macro   0x00000000000211d7       0xac Core/Src/adc.o
 .debug_macro   0x0000000000021283      0x21c Core/Src/can.o
 .debug_macro   0x000000000002149f      0x21c Core/Src/dma.o
 .debug_macro   0x00000000000216bb      0x21c Core/Src/gpio.o
 .debug_macro   0x00000000000218d7      0x33e Core/Src/main.o
 .debug_macro   0x0000000000021c15      0x21c Core/Src/spi.o
 .debug_macro   0x0000000000021e31      0x212 Core/Src/stm32l4xx_hal_msp.o
 .debug_macro   0x0000000000022043      0x21c Core/Src/stm32l4xx_it.o
 .debug_macro   0x000000000002225f      0x209 Core/Src/system_stm32l4xx.o
 .debug_macro   0x0000000000022468      0x251 Drivers/STM32L4xx_HAL_Driver/Src/stm32l4xx_hal.o
 .debug_macro   0x00000000000226b9      0x220 Drivers/STM32L4xx_HAL_Driver/Src/stm32l4xx_hal_adc.o
 .debug_macro   0x00000000000228d9      0x20b Drivers/STM32L4xx_HAL_Driver/Src/stm32l4xx_hal_can.o
 .debug_macro   0x0000000000022ae4      0x203 Drivers/STM32L4xx_HAL_Driver/Src/stm32l4xx_hal_cortex.o
 .debug_macro   0x0000000000022ce7      0x203 Drivers/STM32L4xx_HAL_Driver/Src/stm32l4xx_hal_dma.o
 .debug_macro   0x0000000000022eea      0x242 Drivers/STM32L4xx_HAL_Driver/Src/stm32l4xx_hal_gpio.o
 .debug_macro   0x000000000002312c      0x227 Drivers/STM32L4xx_HAL_Driver/Src/stm32l4xx_hal_pwr_ex.o
 .debug_macro   0x0000000000023353      0x245 Drivers/STM32L4xx_HAL_Driver/Src/stm32l4xx_hal_rcc.o
 .debug_macro   0x0000000000023598      0x239 Drivers/STM32L4xx_HAL_Driver/Src/stm32l4xx_hal_rcc_ex.o
 .debug_macro   0x00000000000237d1      0x20b Drivers/STM32L4xx_HAL_Driver/Src/stm32l4xx_hal_spi.o

.debug_line     0x0000000000000000     0xc829
 .debug_line    0x0000000000000000      0x79d Core/Src/adc.o
 .debug_line    0x000000000000079d      0x76c Core/Src/can.o
 .debug_line    0x0000000000000f09      0x733 Core/Src/dma.o
 .debug_line    0x000000000000163c      0x74e Core/Src/gpio.o
 .debug_line    0x0000000000001d8a     0x12e6 Core/Src/main.o
 .debug_line    0x0000000000003070      0x771 Core/Src/spi.o
 .debug_line    0x00000000000037e1      0x738 Core/Src/stm32l4xx_hal_msp.o
 .debug_line    0x0000000000003f19      0x800 Core/Src/stm32l4xx_it.o
 .debug_line    0x0000000000004719      0x763 Core/Src/system_stm32l4xx.o
 .debug_line    0x0000000000004e7c       0x85 Core/Startup/startup_stm32l452retx.o
 .debug_line    0x0000000000004f01      0x9d6 Drivers/STM32L4xx_HAL_Driver/Src/stm32l4xx_hal.o
 .debug_line    0x00000000000058d7     0x138e Drivers/STM32L4xx_HAL_Driver/Src/stm32l4xx_hal_adc.o
 .debug_line    0x0000000000006c65      0xbe1 Drivers/STM32L4xx_HAL_Driver/Src/stm32l4xx_hal_can.o
 .debug_line    0x0000000000007846      0xa5f Drivers/STM32L4xx_HAL_Driver/Src/stm32l4xx_hal_cortex.o
 .debug_line    0x00000000000082a5      0x95c Drivers/STM32L4xx_HAL_Driver/Src/stm32l4xx_hal_dma.o
 .debug_line    0x0000000000008c01      0x8ca Drivers/STM32L4xx_HAL_Driver/Src/stm32l4xx_hal_gpio.o
 .debug_line    0x00000000000094cb      0xa7a Drivers/STM32L4xx_HAL_Driver/Src/stm32l4xx_hal_pwr_ex.o
 .debug_line    0x0000000000009f45      0xa5e Drivers/STM32L4xx_HAL_Driver/Src/stm32l4xx_hal_rcc.o
 .debug_line    0x000000000000a9a3      0xcd4 Drivers/STM32L4xx_HAL_Driver/Src/stm32l4xx_hal_rcc_ex.o
 .debug_line    0x000000000000b677     0x11b2 Drivers/STM32L4xx_HAL_Driver/Src/stm32l4xx_hal_spi.o

.debug_str      0x0000000000000000    0xdbf57
 .debug_str     0x0000000000000000    0xd736f Core/Src/adc.o
                                      0xd78ee (size before relaxing)
 .debug_str     0x00000000000d736f      0x255 Core/Src/can.o
                                      0xd76bd (size before relaxing)
 .debug_str     0x00000000000d75c4      0x3ec Core/Src/dma.o
                                      0xd77d6 (size before relaxing)
 .debug_str     0x00000000000d79b0       0x46 Core/Src/gpio.o
                                      0xd7434 (size before relaxing)
 .debug_str     0x00000000000d79f6     0x14b0 Core/Src/main.o
                                      0xd8edc (size before relaxing)
 .debug_str     0x00000000000d8ea6       0x4b Core/Src/spi.o
                                      0xd7c3c (size before relaxing)
 .debug_str     0x00000000000d8ef1       0x2c Core/Src/stm32l4xx_hal_msp.o
                                      0xd7399 (size before relaxing)
 .debug_str     0x00000000000d8f1d       0xe6 Core/Src/stm32l4xx_it.o
                                      0xd76ae (size before relaxing)
 .debug_str     0x00000000000d9003       0xcd Core/Src/system_stm32l4xx.o
                                      0xd71e9 (size before relaxing)
 .debug_str     0x00000000000d90d0       0x36 Core/Startup/startup_stm32l452retx.o
                                         0x74 (size before relaxing)
 .debug_str     0x00000000000d9106      0x5ad Drivers/STM32L4xx_HAL_Driver/Src/stm32l4xx_hal.o
                                      0xd7c21 (size before relaxing)
 .debug_str     0x00000000000d96b3      0x9ba Drivers/STM32L4xx_HAL_Driver/Src/stm32l4xx_hal_adc.o
                                      0xd7f19 (size before relaxing)
 .debug_str     0x00000000000da06d      0x468 Drivers/STM32L4xx_HAL_Driver/Src/stm32l4xx_hal_can.o
                                      0xd7870 (size before relaxing)
 .debug_str     0x00000000000da4d5      0x392 Drivers/STM32L4xx_HAL_Driver/Src/stm32l4xx_hal_cortex.o
                                      0xd7993 (size before relaxing)
 .debug_str     0x00000000000da867      0x253 Drivers/STM32L4xx_HAL_Driver/Src/stm32l4xx_hal_dma.o
                                      0xd7437 (size before relaxing)
 .debug_str     0x00000000000daaba      0x236 Drivers/STM32L4xx_HAL_Driver/Src/stm32l4xx_hal_gpio.o
                                      0xd7463 (size before relaxing)
 .debug_str     0x00000000000dacf0      0x44a Drivers/STM32L4xx_HAL_Driver/Src/stm32l4xx_hal_pwr_ex.o
                                      0xd7685 (size before relaxing)
 .debug_str     0x00000000000db13a      0x395 Drivers/STM32L4xx_HAL_Driver/Src/stm32l4xx_hal_rcc.o
                                      0xd7765 (size before relaxing)
 .debug_str     0x00000000000db4cf      0x527 Drivers/STM32L4xx_HAL_Driver/Src/stm32l4xx_hal_rcc_ex.o
                                      0xd7a41 (size before relaxing)
 .debug_str     0x00000000000db9f6      0x561 Drivers/STM32L4xx_HAL_Driver/Src/stm32l4xx_hal_spi.o
                                      0xd7971 (size before relaxing)

.comment        0x0000000000000000       0x7b
 .comment       0x0000000000000000       0x7b Core/Src/adc.o
                                         0x7c (size before relaxing)
 .comment       0x000000000000007b       0x7c Core/Src/can.o
 .comment       0x000000000000007b       0x7c Core/Src/dma.o
 .comment       0x000000000000007b       0x7c Core/Src/gpio.o
 .comment       0x000000000000007b       0x7c Core/Src/main.o
 .comment       0x000000000000007b       0x7c Core/Src/spi.o
 .comment       0x000000000000007b       0x7c Core/Src/stm32l4xx_hal_msp.o
 .comment       0x000000000000007b       0x7c Core/Src/stm32l4xx_it.o
 .comment       0x000000000000007b       0x7c Core/Src/system_stm32l4xx.o
 .comment       0x000000000000007b       0x7c Drivers/STM32L4xx_HAL_Driver/Src/stm32l4xx_hal.o
 .comment       0x000000000000007b       0x7c Drivers/STM32L4xx_HAL_Driver/Src/stm32l4xx_hal_adc.o
 .comment       0x000000000000007b       0x7c Drivers/STM32L4xx_HAL_Driver/Src/stm32l4xx_hal_can.o
 .comment       0x000000000000007b       0x7c Drivers/STM32L4xx_HAL_Driver/Src/stm32l4xx_hal_cortex.o
 .comment       0x000000000000007b       0x7c Drivers/STM32L4xx_HAL_Driver/Src/stm32l4xx_hal_dma.o
 .comment       0x000000000000007b       0x7c Drivers/STM32L4xx_HAL_Driver/Src/stm32l4xx_hal_gpio.o
 .comment       0x000000000000007b       0x7c Drivers/STM32L4xx_HAL_Driver/Src/stm32l4xx_hal_pwr_ex.o
 .comment       0x000000000000007b       0x7c Drivers/STM32L4xx_HAL_Driver/Src/stm32l4xx_hal_rcc.o
 .comment       0x000000000000007b       0x7c Drivers/STM32L4xx_HAL_Driver/Src/stm32l4xx_hal_rcc_ex.o
 .comment       0x000000000000007b       0x7c Drivers/STM32L4xx_HAL_Driver/Src/stm32l4xx_hal_spi.o

.debug_frame    0x0000000000000000     0x3790
 .debug_frame   0x0000000000000000       0x7c Core/Src/adc.o
 .debug_frame   0x000000000000007c       0x74 Core/Src/can.o
 .debug_frame   0x00000000000000f0       0x34 Core/Src/dma.o
 .debug_frame   0x0000000000000124       0x34 Core/Src/gpio.o
 .debug_frame   0x0000000000000158      0x374 Core/Src/main.o
 .debug_frame   0x00000000000004cc       0x74 Core/Src/spi.o
 .debug_frame   0x0000000000000540       0x38 Core/Src/stm32l4xx_hal_msp.o
 .debug_frame   0x0000000000000578      0x144 Core/Src/stm32l4xx_it.o
 .debug_frame   0x00000000000006bc       0x58 Core/Src/system_stm32l4xx.o
 .debug_frame   0x0000000000000714      0x498 Drivers/STM32L4xx_HAL_Driver/Src/stm32l4xx_hal.o
 .debug_frame   0x0000000000000bac      0x9d8 Drivers/STM32L4xx_HAL_Driver/Src/stm32l4xx_hal_adc.o
 .debug_frame   0x0000000000001584      0x5a0 Drivers/STM32L4xx_HAL_Driver/Src/stm32l4xx_hal_can.o
 .debug_frame   0x0000000000001b24      0x498 Drivers/STM32L4xx_HAL_Driver/Src/stm32l4xx_hal_cortex.o
 .debug_frame   0x0000000000001fbc      0x204 Drivers/STM32L4xx_HAL_Driver/Src/stm32l4xx_hal_dma.o
 .debug_frame   0x00000000000021c0      0x14c Drivers/STM32L4xx_HAL_Driver/Src/stm32l4xx_hal_gpio.o
 .debug_frame   0x000000000000230c      0x4a4 Drivers/STM32L4xx_HAL_Driver/Src/stm32l4xx_hal_pwr_ex.o
 .debug_frame   0x00000000000027b0      0x1f4 Drivers/STM32L4xx_HAL_Driver/Src/stm32l4xx_hal_rcc.o
 .debug_frame   0x00000000000029a4      0x3d0 Drivers/STM32L4xx_HAL_Driver/Src/stm32l4xx_hal_rcc_ex.o
 .debug_frame   0x0000000000002d74      0x860 Drivers/STM32L4xx_HAL_Driver/Src/stm32l4xx_hal_spi.o
 .debug_frame   0x00000000000035d4       0x2c c:/st/stm32cubeide_1.3.0/stm32cubeide/plugins/com.st.stm32cube.ide.mcu.externaltools.gnu-tools-for-stm32.7-2018-q2-update.win32_1.0.0.201904181610/tools/bin/../lib/gcc/arm-none-eabi/7.3.1/../../../../arm-none-eabi/lib/thumb/v7e-m/fpv4-sp/hard\libc_nano.a(lib_a-init.o)
 .debug_frame   0x0000000000003600       0x20 c:/st/stm32cubeide_1.3.0/stm32cubeide/plugins/com.st.stm32cube.ide.mcu.externaltools.gnu-tools-for-stm32.7-2018-q2-update.win32_1.0.0.201904181610/tools/bin/../lib/gcc/arm-none-eabi/7.3.1/../../../../arm-none-eabi/lib/thumb/v7e-m/fpv4-sp/hard\libc_nano.a(lib_a-memset.o)
 .debug_frame   0x0000000000003620       0xac c:/st/stm32cubeide_1.3.0/stm32cubeide/plugins/com.st.stm32cube.ide.mcu.externaltools.gnu-tools-for-stm32.7-2018-q2-update.win32_1.0.0.201904181610/tools/bin/../lib/gcc/arm-none-eabi/7.3.1/thumb/v7e-m/fpv4-sp/hard\libgcc.a(_arm_addsubdf3.o)
 .debug_frame   0x00000000000036cc       0xc4 c:/st/stm32cubeide_1.3.0/stm32cubeide/plugins/com.st.stm32cube.ide.mcu.externaltools.gnu-tools-for-stm32.7-2018-q2-update.win32_1.0.0.201904181610/tools/bin/../lib/gcc/arm-none-eabi/7.3.1/thumb/v7e-m/fpv4-sp/hard\libgcc.a(_arm_cmpdf2.o)
